// Jest Snapshot v1, https://goo.gl/fbAQLP

exports[`Dropdown populated with given values 1`] = `
<div
  className="MuiFormControl-root MuiTextField-root MuiFormControl-marginNormal MuiFormControl-fullWidth"
>
  <label
    className="MuiFormLabel-root MuiInputLabel-root MuiInputLabel-formControl MuiInputLabel-animated MuiInputLabel-shrink MuiFormLabel-filled"
    data-shrink={true}
  >
    label
  </label>
  <div
    className="MuiInputBase-root MuiInput-root MuiInput-underline MuiInputBase-fullWidth MuiInput-fullWidth MuiInputBase-formControl MuiInput-formControl"
    onClick={[Function]}
  >
    <div
      aria-haspopup="true"
      aria-pressed="false"
      className="MuiSelect-root MuiSelect-select MuiSelect-selectMenu MuiInputBase-input MuiInput-input MuiInputBase-inputSelect"
      id="select-name"
      onBlur={[Function]}
      onClick={[Function]}
      onFocus={[Function]}
      onKeyDown={[Function]}
      role="button"
      tabIndex={0}
    >
      <span
        dangerouslySetInnerHTML={
          Object {
            "__html": "&#8203;",
          }
        }
      />
    </div>
    <input
      name="name"
      type="hidden"
      value="name"
    />
    <svg
      aria-hidden="true"
      className="MuiSvgIcon-root MuiSelect-icon"
      focusable="false"
      role="presentation"
      viewBox="0 0 24 24"
    >
      <path
        d="M7 10l5 5 5-5z"
      />
    </svg>
  </div>
</div>
`;
